// Jest Snapshot v1, https://goo.gl/fbAQLP

exports[`Shop renders without errors 1`] = `ReactWrapper {}`;
